// Jest Snapshot v1, https://goo.gl/fbAQLP

exports[`ProjectForm.test.js has the expected html structure 1`] = `
<form
  class="project-form"
>
  <div
    aria-labelledby="__BVID__6___BV_label_"
    class="b-form-group form-group"
    id="__BVID__6_"
    role="group"
  >
    <label
      class="col-form-label pt-0"
      for="project-title"
      id="__BVID__6___BV_label_"
    >
      Title
    </label>
    <div
      class=""
    >
      <input
        aria-required="true"
        class="form-control"
        id="project-title"
        required="required"
        type="text"
      />
      <!---->
      <!---->
      <!---->
    </div>
  </div>
   
  <button
    class="btn btn-primary"
    type="submit"
  >
    Save
  </button>
   
  <button
    class="btn btn-grey"
    type="button"
  >
    Cancel
  </button>
</form>
`;
