// Jest Snapshot v1, https://goo.gl/fbAQLP

exports[`SprintForm.test.js has the expected html structure 1`] = `
<form
  class="sprint-form"
>
  <div
    aria-labelledby="__BVID__15___BV_label_"
    class="b-form-group form-group"
    id="__BVID__15_"
    role="group"
  >
    <label
      class="col-form-label pt-0"
      for="sprint-name"
      id="__BVID__15___BV_label_"
    >
      Name
    </label>
    <div
      class=""
    >
      <input
        aria-required="true"
        class="form-control"
        id="sprint-name"
        required="required"
        type="text"
      />
      <!---->
      <!---->
      <!---->
    </div>
  </div>
   
  <div
    aria-labelledby="__BVID__17___BV_label_"
    class="b-form-group form-group"
    id="__BVID__17_"
    role="group"
  >
    <label
      class="col-form-label pt-0"
      for="sprint-start-date"
      id="__BVID__17___BV_label_"
    >
      Start date
    </label>
    <div
      class=""
    >
      <input
        aria-required="true"
        class="form-control"
        id="sprint-start-date"
        max="2222-02-27"
        required="required"
        type="date"
      />
      <!---->
      <!---->
      <!---->
    </div>
  </div>
   
  <div
    aria-labelledby="__BVID__19___BV_label_"
    class="b-form-group form-group"
    id="__BVID__19_"
    role="group"
  >
    <label
      class="col-form-label pt-0"
      for="sprint-end-date"
      id="__BVID__19___BV_label_"
    >
      End date
    </label>
    <div
      class=""
    >
      <input
        aria-required="true"
        class="form-control"
        id="sprint-end-date"
        min="2222-02-22"
        required="required"
        type="date"
      />
      <!---->
      <!---->
      <!---->
    </div>
  </div>
   
  <button
    class="btn btn-primary"
    type="submit"
  >
    Save
  </button>
   
  <button
    class="btn btn-grey"
    type="button"
  >
    Cancel
  </button>
</form>
`;
